{
    "isDeclaration": false,
    "languageVersion": "EcmaScript6",
    "sourceUnit": {
        "kind": "SourceUnit",
        "fullStart": 0,
        "fullEnd": 31,
        "start": 0,
        "end": 31,
        "fullWidth": 31,
        "width": 31,
        "moduleElements": [
            {
                "kind": "VariableStatement",
                "fullStart": 0,
                "fullEnd": 31,
                "start": 0,
                "end": 31,
                "fullWidth": 31,
                "width": 31,
                "modifiers": [],
                "variableDeclaration": {
                    "kind": "VariableDeclaration",
                    "fullStart": 0,
                    "fullEnd": 30,
                    "start": 0,
                    "end": 30,
                    "fullWidth": 30,
                    "width": 30,
                    "varKeyword": {
                        "kind": "VarKeyword",
                        "fullStart": 0,
                        "fullEnd": 4,
                        "start": 0,
                        "end": 3,
                        "fullWidth": 4,
                        "width": 3,
                        "text": "var",
                        "value": "var",
                        "valueText": "var",
                        "hasTrailingTrivia": true,
                        "trailingTrivia": [
                            {
                                "kind": "WhitespaceTrivia",
                                "fullStart": 3,
                                "fullEnd": 4,
                                "text": " "
                            }
                        ]
                    },
                    "variableDeclarators": [
                        {
                            "kind": "VariableDeclarator",
                            "fullStart": 4,
                            "fullEnd": 30,
                            "start": 4,
                            "end": 30,
                            "fullWidth": 26,
                            "width": 26,
                            "propertyName": {
                                "kind": "IdentifierName",
                                "fullStart": 4,
                                "fullEnd": 6,
                                "start": 4,
                                "end": 5,
                                "fullWidth": 2,
                                "width": 1,
                                "text": "v",
                                "value": "v",
                                "valueText": "v",
                                "hasTrailingTrivia": true,
                                "trailingTrivia": [
                                    {
                                        "kind": "WhitespaceTrivia",
                                        "fullStart": 5,
                                        "fullEnd": 6,
                                        "text": " "
                                    }
                                ]
                            },
                            "equalsValueClause": {
                                "kind": "EqualsValueClause",
                                "fullStart": 6,
                                "fullEnd": 30,
                                "start": 6,
                                "end": 30,
                                "fullWidth": 24,
                                "width": 24,
                                "equalsToken": {
                                    "kind": "EqualsToken",
                                    "fullStart": 6,
                                    "fullEnd": 8,
                                    "start": 6,
                                    "end": 7,
                                    "fullWidth": 2,
                                    "width": 1,
                                    "text": "=",
                                    "value": "=",
                                    "valueText": "=",
                                    "hasTrailingTrivia": true,
                                    "trailingTrivia": [
                                        {
                                            "kind": "WhitespaceTrivia",
                                            "fullStart": 7,
                                            "fullEnd": 8,
                                            "text": " "
                                        }
                                    ]
                                },
                                "value": {
                                    "kind": "ObjectLiteralExpression",
                                    "fullStart": 8,
                                    "fullEnd": 30,
                                    "start": 8,
                                    "end": 30,
                                    "fullWidth": 22,
                                    "width": 22,
                                    "openBraceToken": {
                                        "kind": "OpenBraceToken",
                                        "fullStart": 8,
                                        "fullEnd": 10,
                                        "start": 8,
                                        "end": 9,
                                        "fullWidth": 2,
                                        "width": 1,
                                        "text": "{",
                                        "value": "{",
                                        "valueText": "{",
                                        "hasTrailingTrivia": true,
                                        "trailingTrivia": [
                                            {
                                                "kind": "WhitespaceTrivia",
                                                "fullStart": 9,
                                                "fullEnd": 10,
                                                "text": " "
                                            }
                                        ]
                                    },
                                    "propertyAssignments": [
                                        {
                                            "kind": "SimplePropertyAssignment",
                                            "fullStart": 10,
                                            "fullEnd": 16,
                                            "start": 10,
                                            "end": 16,
                                            "fullWidth": 6,
                                            "width": 6,
                                            "propertyName": {
                                                "kind": "ComputedPropertyName",
                                                "fullStart": 10,
                                                "fullEnd": 13,
                                                "start": 10,
                                                "end": 13,
                                                "fullWidth": 3,
                                                "width": 3,
                                                "openBracketToken": {
                                                    "kind": "OpenBracketToken",
                                                    "fullStart": 10,
                                                    "fullEnd": 11,
                                                    "start": 10,
                                                    "end": 11,
                                                    "fullWidth": 1,
                                                    "width": 1,
                                                    "text": "[",
                                                    "value": "[",
                                                    "valueText": "["
                                                },
                                                "expression": {
                                                    "kind": "IdentifierName",
                                                    "fullStart": 11,
                                                    "fullEnd": 12,
                                                    "start": 11,
                                                    "end": 12,
                                                    "fullWidth": 1,
                                                    "width": 1,
                                                    "text": "e",
                                                    "value": "e",
                                                    "valueText": "e"
                                                },
                                                "closeBracketToken": {
                                                    "kind": "CloseBracketToken",
                                                    "fullStart": 12,
                                                    "fullEnd": 13,
                                                    "start": 12,
                                                    "end": 13,
                                                    "fullWidth": 1,
                                                    "width": 1,
                                                    "text": "]",
                                                    "value": "]",
                                                    "valueText": "]"
                                                }
                                            },
                                            "colonToken": {
                                                "kind": "ColonToken",
                                                "fullStart": 13,
                                                "fullEnd": 15,
                                                "start": 13,
                                                "end": 14,
                                                "fullWidth": 2,
                                                "width": 1,
                                                "text": ":",
                                                "value": ":",
                                                "valueText": ":",
                                                "hasTrailingTrivia": true,
                                                "trailingTrivia": [
                                                    {
                                                        "kind": "WhitespaceTrivia",
                                                        "fullStart": 14,
                                                        "fullEnd": 15,
                                                        "text": " "
                                                    }
                                                ]
                                            },
                                            "expression": {
                                                "kind": "NumericLiteral",
                                                "fullStart": 15,
                                                "fullEnd": 16,
                                                "start": 15,
                                                "end": 16,
                                                "fullWidth": 1,
                                                "width": 1,
                                                "text": "1",
                                                "value": 1,
                                                "valueText": "1"
                                            }
                                        },
                                        {
                                            "kind": "CommaToken",
                                            "fullStart": 16,
                                            "fullEnd": 18,
                                            "start": 16,
                                            "end": 17,
                                            "fullWidth": 2,
                                            "width": 1,
                                            "text": ",",
                                            "value": ",",
                                            "valueText": ",",
                                            "hasTrailingTrivia": true,
                                            "trailingTrivia": [
                                                {
                                                    "kind": "WhitespaceTrivia",
                                                    "fullStart": 17,
                                                    "fullEnd": 18,
                                                    "text": " "
                                                }
                                            ]
                                        },
                                        {
                                            "kind": "SimplePropertyAssignment",
                                            "fullStart": 18,
                                            "fullEnd": 29,
                                            "start": 18,
                                            "end": 28,
                                            "fullWidth": 11,
                                            "width": 10,
                                            "propertyName": {
                                                "kind": "ComputedPropertyName",
                                                "fullStart": 18,
                                                "fullEnd": 25,
                                                "start": 18,
                                                "end": 25,
                                                "fullWidth": 7,
                                                "width": 7,
                                                "openBracketToken": {
                                                    "kind": "OpenBracketToken",
                                                    "fullStart": 18,
                                                    "fullEnd": 19,
                                                    "start": 18,
                                                    "end": 19,
                                                    "fullWidth": 1,
                                                    "width": 1,
                                                    "text": "[",
                                                    "value": "[",
                                                    "valueText": "["
                                                },
                                                "expression": {
                                                    "kind": "BinaryExpression",
                                                    "fullStart": 19,
                                                    "fullEnd": 24,
                                                    "start": 19,
                                                    "end": 24,
                                                    "fullWidth": 5,
                                                    "width": 5,
                                                    "left": {
                                                        "kind": "IdentifierName",
                                                        "fullStart": 19,
                                                        "fullEnd": 21,
                                                        "start": 19,
                                                        "end": 20,
                                                        "fullWidth": 2,
                                                        "width": 1,
                                                        "text": "e",
                                                        "value": "e",
                                                        "valueText": "e",
                                                        "hasTrailingTrivia": true,
                                                        "trailingTrivia": [
                                                            {
                                                                "kind": "WhitespaceTrivia",
                                                                "fullStart": 20,
                                                                "fullEnd": 21,
                                                                "text": " "
                                                            }
                                                        ]
                                                    },
                                                    "operatorToken": {
                                                        "kind": "PlusToken",
                                                        "fullStart": 21,
                                                        "fullEnd": 23,
                                                        "start": 21,
                                                        "end": 22,
                                                        "fullWidth": 2,
                                                        "width": 1,
                                                        "text": "+",
                                                        "value": "+",
                                                        "valueText": "+",
                                                        "hasTrailingTrivia": true,
                                                        "trailingTrivia": [
                                                            {
                                                                "kind": "WhitespaceTrivia",
                                                                "fullStart": 22,
                                                                "fullEnd": 23,
                                                                "text": " "
                                                            }
                                                        ]
                                                    },
                                                    "right": {
                                                        "kind": "IdentifierName",
                                                        "fullStart": 23,
                                                        "fullEnd": 24,
                                                        "start": 23,
                                                        "end": 24,
                                                        "fullWidth": 1,
                                                        "width": 1,
                                                        "text": "e",
                                                        "value": "e",
                                                        "valueText": "e"
                                                    }
                                                },
                                                "closeBracketToken": {
                                                    "kind": "CloseBracketToken",
                                                    "fullStart": 24,
                                                    "fullEnd": 25,
                                                    "start": 24,
                                                    "end": 25,
                                                    "fullWidth": 1,
                                                    "width": 1,
                                                    "text": "]",
                                                    "value": "]",
                                                    "valueText": "]"
                                                }
                                            },
                                            "colonToken": {
                                                "kind": "ColonToken",
                                                "fullStart": 25,
                                                "fullEnd": 27,
                                                "start": 25,
                                                "end": 26,
                                                "fullWidth": 2,
                                                "width": 1,
                                                "text": ":",
                                                "value": ":",
                                                "valueText": ":",
                                                "hasTrailingTrivia": true,
                                                "trailingTrivia": [
                                                    {
                                                        "kind": "WhitespaceTrivia",
                                                        "fullStart": 26,
                                                        "fullEnd": 27,
                                                        "text": " "
                                                    }
                                                ]
                                            },
                                            "expression": {
                                                "kind": "NumericLiteral",
                                                "fullStart": 27,
                                                "fullEnd": 29,
                                                "start": 27,
                                                "end": 28,
                                                "fullWidth": 2,
                                                "width": 1,
                                                "text": "2",
                                                "value": 2,
                                                "valueText": "2",
                                                "hasTrailingTrivia": true,
                                                "trailingTrivia": [
                                                    {
                                                        "kind": "WhitespaceTrivia",
                                                        "fullStart": 28,
                                                        "fullEnd": 29,
                                                        "text": " "
                                                    }
                                                ]
                                            }
                                        }
                                    ],
                                    "closeBraceToken": {
                                        "kind": "CloseBraceToken",
                                        "fullStart": 29,
                                        "fullEnd": 30,
                                        "start": 29,
                                        "end": 30,
                                        "fullWidth": 1,
                                        "width": 1,
                                        "text": "}",
                                        "value": "}",
                                        "valueText": "}"
                                    }
                                }
                            }
                        }
                    ]
                },
                "semicolonToken": {
                    "kind": "SemicolonToken",
                    "fullStart": 30,
                    "fullEnd": 31,
                    "start": 30,
                    "end": 31,
                    "fullWidth": 1,
                    "width": 1,
                    "text": ";",
                    "value": ";",
                    "valueText": ";"
                }
            }
        ],
        "endOfFileToken": {
            "kind": "EndOfFileToken",
            "fullStart": 31,
            "fullEnd": 31,
            "start": 31,
            "end": 31,
            "fullWidth": 0,
            "width": 0,
            "text": ""
        }
    },
    "lineMap": {
        "lineStarts": [
            0
        ],
        "length": 31
    }
}