{
    "isDeclaration": false,
    "languageVersion": "EcmaScript5",
    "sourceUnit": {
        "kind": "SourceUnit",
        "fullStart": 0,
        "fullEnd": 41,
        "start": 0,
        "end": 41,
        "fullWidth": 41,
        "width": 41,
        "moduleElements": [
            {
                "kind": "VariableStatement",
                "fullStart": 0,
                "fullEnd": 41,
                "start": 0,
                "end": 41,
                "fullWidth": 41,
                "width": 41,
                "modifiers": [],
                "variableDeclaration": {
                    "kind": "VariableDeclaration",
                    "fullStart": 0,
                    "fullEnd": 40,
                    "start": 0,
                    "end": 40,
                    "fullWidth": 40,
                    "width": 40,
                    "varKeyword": {
                        "kind": "VarKeyword",
                        "fullStart": 0,
                        "fullEnd": 4,
                        "start": 0,
                        "end": 3,
                        "fullWidth": 4,
                        "width": 3,
                        "text": "var",
                        "value": "var",
                        "valueText": "var",
                        "hasTrailingTrivia": true,
                        "trailingTrivia": [
                            {
                                "kind": "WhitespaceTrivia",
                                "fullStart": 3,
                                "fullEnd": 4,
                                "text": " "
                            }
                        ]
                    },
                    "variableDeclarators": [
                        {
                            "kind": "VariableDeclarator",
                            "fullStart": 4,
                            "fullEnd": 40,
                            "start": 4,
                            "end": 40,
                            "fullWidth": 36,
                            "width": 36,
                            "propertyName": {
                                "kind": "IdentifierName",
                                "fullStart": 4,
                                "fullEnd": 6,
                                "start": 4,
                                "end": 5,
                                "fullWidth": 2,
                                "width": 1,
                                "text": "x",
                                "value": "x",
                                "valueText": "x",
                                "hasTrailingTrivia": true,
                                "trailingTrivia": [
                                    {
                                        "kind": "WhitespaceTrivia",
                                        "fullStart": 5,
                                        "fullEnd": 6,
                                        "text": " "
                                    }
                                ]
                            },
                            "equalsValueClause": {
                                "kind": "EqualsValueClause",
                                "fullStart": 6,
                                "fullEnd": 40,
                                "start": 6,
                                "end": 40,
                                "fullWidth": 34,
                                "width": 34,
                                "equalsToken": {
                                    "kind": "EqualsToken",
                                    "fullStart": 6,
                                    "fullEnd": 8,
                                    "start": 6,
                                    "end": 7,
                                    "fullWidth": 2,
                                    "width": 1,
                                    "text": "=",
                                    "value": "=",
                                    "valueText": "=",
                                    "hasTrailingTrivia": true,
                                    "trailingTrivia": [
                                        {
                                            "kind": "WhitespaceTrivia",
                                            "fullStart": 7,
                                            "fullEnd": 8,
                                            "text": " "
                                        }
                                    ]
                                },
                                "value": {
                                    "kind": "BinaryExpression",
                                    "fullStart": 8,
                                    "fullEnd": 40,
                                    "start": 8,
                                    "end": 40,
                                    "fullWidth": 32,
                                    "width": 32,
                                    "left": {
                                        "kind": "TemplateExpression",
                                        "fullStart": 8,
                                        "fullEnd": 23,
                                        "start": 8,
                                        "end": 22,
                                        "fullWidth": 15,
                                        "width": 14,
                                        "templateStartToken": {
                                            "kind": "TemplateStartToken",
                                            "fullStart": 8,
                                            "fullEnd": 15,
                                            "start": 8,
                                            "end": 14,
                                            "fullWidth": 7,
                                            "width": 6,
                                            "text": "`abc${",
                                            "value": "abc",
                                            "valueText": "abc",
                                            "hasTrailingTrivia": true,
                                            "trailingTrivia": [
                                                {
                                                    "kind": "WhitespaceTrivia",
                                                    "fullStart": 14,
                                                    "fullEnd": 15,
                                                    "text": " "
                                                }
                                            ]
                                        },
                                        "templateClauses": [
                                            {
                                                "kind": "TemplateClause",
                                                "fullStart": 15,
                                                "fullEnd": 23,
                                                "start": 15,
                                                "end": 22,
                                                "fullWidth": 8,
                                                "width": 7,
                                                "expression": {
                                                    "kind": "NumericLiteral",
                                                    "fullStart": 15,
                                                    "fullEnd": 17,
                                                    "start": 15,
                                                    "end": 16,
                                                    "fullWidth": 2,
                                                    "width": 1,
                                                    "text": "0",
                                                    "value": 0,
                                                    "valueText": "0",
                                                    "hasTrailingTrivia": true,
                                                    "trailingTrivia": [
                                                        {
                                                            "kind": "WhitespaceTrivia",
                                                            "fullStart": 16,
                                                            "fullEnd": 17,
                                                            "text": " "
                                                        }
                                                    ]
                                                },
                                                "templateMiddleOrEndToken": {
                                                    "kind": "TemplateEndToken",
                                                    "fullStart": 17,
                                                    "fullEnd": 23,
                                                    "start": 17,
                                                    "end": 22,
                                                    "fullWidth": 6,
                                                    "width": 5,
                                                    "text": "}def`",
                                                    "value": "def",
                                                    "valueText": "def",
                                                    "hasTrailingTrivia": true,
                                                    "trailingTrivia": [
                                                        {
                                                            "kind": "WhitespaceTrivia",
                                                            "fullStart": 22,
                                                            "fullEnd": 23,
                                                            "text": " "
                                                        }
                                                    ]
                                                }
                                            }
                                        ]
                                    },
                                    "operatorToken": {
                                        "kind": "InstanceOfKeyword",
                                        "fullStart": 23,
                                        "fullEnd": 34,
                                        "start": 23,
                                        "end": 33,
                                        "fullWidth": 11,
                                        "width": 10,
                                        "text": "instanceof",
                                        "value": "instanceof",
                                        "valueText": "instanceof",
                                        "hasTrailingTrivia": true,
                                        "trailingTrivia": [
                                            {
                                                "kind": "WhitespaceTrivia",
                                                "fullStart": 33,
                                                "fullEnd": 34,
                                                "text": " "
                                            }
                                        ]
                                    },
                                    "right": {
                                        "kind": "IdentifierName",
                                        "fullStart": 34,
                                        "fullEnd": 40,
                                        "start": 34,
                                        "end": 40,
                                        "fullWidth": 6,
                                        "width": 6,
                                        "text": "String",
                                        "value": "String",
                                        "valueText": "String"
                                    }
                                }
                            }
                        }
                    ]
                },
                "semicolonToken": {
                    "kind": "SemicolonToken",
                    "fullStart": 40,
                    "fullEnd": 41,
                    "start": 40,
                    "end": 41,
                    "fullWidth": 1,
                    "width": 1,
                    "text": ";",
                    "value": ";",
                    "valueText": ";"
                }
            }
        ],
        "endOfFileToken": {
            "kind": "EndOfFileToken",
            "fullStart": 41,
            "fullEnd": 41,
            "start": 41,
            "end": 41,
            "fullWidth": 0,
            "width": 0,
            "text": ""
        }
    },
    "lineMap": {
        "lineStarts": [
            0
        ],
        "length": 41
    }
}