{
    "isDeclaration": false,
    "languageVersion": "EcmaScript5",
    "sourceUnit": {
        "kind": "SourceUnit",
        "fullStart": 0,
        "fullEnd": 28,
        "start": 0,
        "end": 28,
        "fullWidth": 28,
        "width": 28,
        "moduleElements": [
            {
                "kind": "ExpressionStatement",
                "fullStart": 0,
                "fullEnd": 28,
                "start": 0,
                "end": 28,
                "fullWidth": 28,
                "width": 28,
                "expression": {
                    "kind": "InvocationExpression",
                    "fullStart": 0,
                    "fullEnd": 27,
                    "start": 0,
                    "end": 27,
                    "fullWidth": 27,
                    "width": 27,
                    "expression": {
                        "kind": "MemberAccessExpression",
                        "fullStart": 0,
                        "fullEnd": 20,
                        "start": 0,
                        "end": 20,
                        "fullWidth": 20,
                        "width": 20,
                        "expression": {
                            "kind": "TemplateExpression",
                            "fullStart": 0,
                            "fullEnd": 12,
                            "start": 0,
                            "end": 12,
                            "fullWidth": 12,
                            "width": 12,
                            "templateStartToken": {
                                "kind": "TemplateStartToken",
                                "fullStart": 0,
                                "fullEnd": 6,
                                "start": 0,
                                "end": 6,
                                "fullWidth": 6,
                                "width": 6,
                                "text": "`abc${",
                                "value": "abc",
                                "valueText": "abc"
                            },
                            "templateClauses": [
                                {
                                    "kind": "TemplateClause",
                                    "fullStart": 6,
                                    "fullEnd": 12,
                                    "start": 6,
                                    "end": 12,
                                    "fullWidth": 6,
                                    "width": 6,
                                    "expression": {
                                        "kind": "NumericLiteral",
                                        "fullStart": 6,
                                        "fullEnd": 7,
                                        "start": 6,
                                        "end": 7,
                                        "fullWidth": 1,
                                        "width": 1,
                                        "text": "0",
                                        "value": 0,
                                        "valueText": "0"
                                    },
                                    "templateMiddleOrEndToken": {
                                        "kind": "TemplateEndToken",
                                        "fullStart": 7,
                                        "fullEnd": 12,
                                        "start": 7,
                                        "end": 12,
                                        "fullWidth": 5,
                                        "width": 5,
                                        "text": "}abc`",
                                        "value": "abc",
                                        "valueText": "abc"
                                    }
                                }
                            ]
                        },
                        "dotToken": {
                            "kind": "DotToken",
                            "fullStart": 12,
                            "fullEnd": 13,
                            "start": 12,
                            "end": 13,
                            "fullWidth": 1,
                            "width": 1,
                            "text": ".",
                            "value": ".",
                            "valueText": "."
                        },
                        "name": {
                            "kind": "IdentifierName",
                            "fullStart": 13,
                            "fullEnd": 20,
                            "start": 13,
                            "end": 20,
                            "fullWidth": 7,
                            "width": 7,
                            "text": "indexOf",
                            "value": "indexOf",
                            "valueText": "indexOf"
                        }
                    },
                    "argumentList": {
                        "kind": "ArgumentList",
                        "fullStart": 20,
                        "fullEnd": 27,
                        "start": 20,
                        "end": 27,
                        "fullWidth": 7,
                        "width": 7,
                        "openParenToken": {
                            "kind": "OpenParenToken",
                            "fullStart": 20,
                            "fullEnd": 21,
                            "start": 20,
                            "end": 21,
                            "fullWidth": 1,
                            "width": 1,
                            "text": "(",
                            "value": "(",
                            "valueText": "("
                        },
                        "arguments": [
                            {
                                "kind": "NoSubstitutionTemplateToken",
                                "fullStart": 21,
                                "fullEnd": 26,
                                "start": 21,
                                "end": 26,
                                "fullWidth": 5,
                                "width": 5,
                                "text": "`abc`",
                                "value": "abc",
                                "valueText": "abc"
                            }
                        ],
                        "closeParenToken": {
                            "kind": "CloseParenToken",
                            "fullStart": 26,
                            "fullEnd": 27,
                            "start": 26,
                            "end": 27,
                            "fullWidth": 1,
                            "width": 1,
                            "text": ")",
                            "value": ")",
                            "valueText": ")"
                        }
                    }
                },
                "semicolonToken": {
                    "kind": "SemicolonToken",
                    "fullStart": 27,
                    "fullEnd": 28,
                    "start": 27,
                    "end": 28,
                    "fullWidth": 1,
                    "width": 1,
                    "text": ";",
                    "value": ";",
                    "valueText": ";"
                }
            }
        ],
        "endOfFileToken": {
            "kind": "EndOfFileToken",
            "fullStart": 28,
            "fullEnd": 28,
            "start": 28,
            "end": 28,
            "fullWidth": 0,
            "width": 0,
            "text": ""
        }
    },
    "lineMap": {
        "lineStarts": [
            0
        ],
        "length": 28
    }
}